In clock cycle: 0
Register Write to Reg: 0x01 Val: 0x00000007
In clock cycle: 1
Register Write to Reg: 0x02 Val: 0x00000007
In clock cycle: 2
Register Write to Reg: 0x03 Val: 0x0FC10008
In clock cycle: 3
Register Write to Reg: 0x03 Val: 0x0FC10000
In clock cycle: 5
Register Write to Reg: 0x05 Val: 0x00000000
In clock cycle: 7
Register Write to Reg: 0x00 Val: 0x0000000C
In clock cycle: 8
Register Write to Reg: 0x05 Val: 0x00000001
In clock cycle: 10
Register Write to Reg: 0x01 Val: 0x0000000C
In clock cycle: 11
Register Write to Reg: 0x02 Val: 0x00000005
In clock cycle: 12
Register Write to Reg: 0x03 Val: 0x0FC10030
In clock cycle: 13
Register Write to Reg: 0x03 Val: 0x0FC10004
In clock cycle: 15
Register Write to Reg: 0x05 Val: 0x00000000
In clock cycle: 17
Register Write to Reg: 0x00 Val: 0x0000000C
In clock cycle: 18
Register Write to Reg: 0x05 Val: 0x00000001
Execution is stopping! Clock Cycle: 20
