proj/riscv/jal_2.s
