In clock cycle: 0
Register Write to Reg: 0x01 Val: 0x00000064
In clock cycle: 1
Register Write to Reg: 0x02 Val: 0x00000064
In clock cycle: 2
Register Write to Reg: 0x05 Val: 0x00000000
In clock cycle: 4
Register Write to Reg: 0x05 Val: 0x00000001
In clock cycle: 5
Register Write to Reg: 0x01 Val: 0x00000065
In clock cycle: 7
Register Write to Reg: 0x05 Val: 0x00000002
In clock cycle: 8
Register Write to Reg: 0x02 Val: 0x00000066
In clock cycle: 10
Register Write to Reg: 0x05 Val: 0x00000003
In clock cycle: 11
Register Write to Reg: 0x01 Val: 0xFFFFFFFF
In clock cycle: 13
Register Write to Reg: 0x05 Val: 0x00000004
In clock cycle: 14
Register Write to Reg: 0x01 Val: 0x00000064
In clock cycle: 15
Register Write to Reg: 0x02 Val: 0xFFFFFFFF
In clock cycle: 17
Register Write to Reg: 0x05 Val: 0x00000005
In clock cycle: 18
Register Write to Reg: 0x01 Val: 0x00001000
In clock cycle: 19
Register Write to Reg: 0x01 Val: 0x00000FFF
In clock cycle: 20
Register Write to Reg: 0x02 Val: 0x00001000
In clock cycle: 21
Register Write to Reg: 0x02 Val: 0x00000FFF
In clock cycle: 23
Register Write to Reg: 0x05 Val: 0x00000006
In clock cycle: 24
Register Write to Reg: 0x01 Val: 0x00001000
In clock cycle: 25
Register Write to Reg: 0x01 Val: 0x00000FFF
In clock cycle: 26
Register Write to Reg: 0x02 Val: 0x00001000
In clock cycle: 27
Register Write to Reg: 0x02 Val: 0x00000FFF
In clock cycle: 29
Register Write to Reg: 0x05 Val: 0x00000007
In clock cycle: 30
Register Write to Reg: 0x01 Val: 0x00000000
In clock cycle: 32
Register Write to Reg: 0x05 Val: 0x00000008
In clock cycle: 33
Register Write to Reg: 0x00 Val: 0x00000105
Execution is stopping! Clock Cycle: 33
