In clock cycle: 4
Register Write to Reg: 0x01 Val: 0x0000000A
In clock cycle: 5
Register Write to Reg: 0x02 Val: 0x00000014
In clock cycle: 6
Register Write to Reg: 0x03 Val: 0x0000001E
In clock cycle: 6
Memory Write to Addr: 0x00000000 Val: 0x00000000
In clock cycle: 7
Memory Write to Addr: 0x10010014 Val: 0x00000000
In clock cycle: 8
Register Write to Reg: 0x14 Val: 0x10010000
In clock cycle: 8
Memory Write to Addr: 0x00000000 Val: 0x00000000
In clock cycle: 9
Memory Write to Addr: 0x00000000 Val: 0x00000000
In clock cycle: 10
Memory Write to Addr: 0x10010000 Val: 0x0000000A
In clock cycle: 14
Register Write to Reg: 0x0A Val: 0x0000000A
In clock cycle: 17
Register Write to Reg: 0x0B Val: 0x00000014
In clock cycle: 18
Register Write to Reg: 0x0C Val: 0x00000014
In clock cycle: 21
Register Write to Reg: 0x0D Val: 0x0000001E
In clock cycle: 22
Register Write to Reg: 0x0E Val: 0x0000001E
In clock cycle: 24
Memory Write to Addr: 0x0000003C Val: 0x0000001E
In clock cycle: 25
Register Write to Reg: 0x0F Val: 0x0000003C
In clock cycle: 25
Memory Write to Addr: 0x10010000 Val: 0x00000000
In clock cycle: 26
Register Write to Reg: 0x10 Val: 0x0000000A
In clock cycle: 26
Memory Write to Addr: 0x00000000 Val: 0x00000000
In clock cycle: 30
Register Write to Reg: 0x11 Val: 0x0000000A
In clock cycle: 34
Register Write to Reg: 0x12 Val: 0x000003E7
In clock cycle: 34
Memory Write to Addr: 0x00000000 Val: 0x00000000
In clock cycle: 35
Memory Write to Addr: 0x00000000 Val: 0x00000000
In clock cycle: 36
Register Write to Reg: 0x15 Val: 0x00000000
In clock cycle: 36
Memory Write to Addr: 0x00000000 Val: 0x00000000
In clock cycle: 42
Register Write to Reg: 0x16 Val: 0x00000000
In clock cycle: 44
Memory Write to Addr: 0x00000000 Val: 0x00000000
In clock cycle: 45
Register Write to Reg: 0x17 Val: 0x00000000
In clock cycle: 45
Memory Write to Addr: 0xFFFFFFFF Val: 0x00000000
In clock cycle: 46
Register Write to Reg: 0x18 Val: 0xFFFFFFFF
In clock cycle: 46
Memory Write to Addr: 0x00000000 Val: 0x00000000
In clock cycle: 52
Register Write to Reg: 0x19 Val: 0xFFFFFFFF
In clock cycle: 55
Register Write to Reg: 0x1A Val: 0xFFFFFFFF
In clock cycle: 56
Register Write to Reg: 0x1B Val: 0x000000FF
In clock cycle: 59
Register Write to Reg: 0x1C Val: 0x000000FF
In clock cycle: 60
Register Write to Reg: 0x1D Val: 0xFFFFFFFF
In clock cycle: 63
Register Write to Reg: 0x1E Val: 0xFFFFFFFF
In clock cycle: 64
Register Write to Reg: 0x1F Val: 0x0000FFFF
In clock cycle: 67
Register Write to Reg: 0x05 Val: 0x0000FFFF
In clock cycle: 68
Register Write to Reg: 0x00 Val: 0x0000000A
In clock cycle: 69
Register Write to Reg: 0x06 Val: 0x0000000A
In clock cycle: 70
Register Write to Reg: 0x07 Val: 0x00000014
In clock cycle: 71
Register Write to Reg: 0x08 Val: 0x0000001E
In clock cycle: 73
Register Write to Reg: 0x09 Val: 0x00000014
Execution is stopping! Clock Cycle: 75
