[inst #1] addi x1,x0,10
Register Write to Reg: 0x01 Val: 0x0000000A
[inst #2] addi x2,x0,20
Register Write to Reg: 0x02 Val: 0x00000014
[inst #3] addi x3,x0,30
Register Write to Reg: 0x03 Val: 0x0000001E
[inst #4] lui x20,65552
Register Write to Reg: 0x14 Val: 0x10010000
[inst #5] sw x1,0(x20)
Memory Write to Addr: 0x10010000 Val: 0x0000000A
[inst #6] sw x2,4(x20)
Memory Write to Addr: 0x10010004 Val: 0x00000014
[inst #7] sw x3,8(x20)
Memory Write to Addr: 0x10010008 Val: 0x0000001E
[inst #8] lw x10,0(x20)
Register Write to Reg: 0x0A Val: 0x0000000A
[inst #9] add x11,x10,x1
Register Write to Reg: 0x0B Val: 0x00000014
[inst #10] lw x12,4(x20)
Register Write to Reg: 0x0C Val: 0x00000014
[inst #11] add x13,x1,x12
Register Write to Reg: 0x0D Val: 0x0000001E
[inst #12] lw x14,8(x20)
Register Write to Reg: 0x0E Val: 0x0000001E
[inst #13] add x15,x14,x14
Register Write to Reg: 0x0F Val: 0x0000003C
[inst #14] lw x16,0(x20)
Register Write to Reg: 0x10 Val: 0x0000000A
[inst #15] sw x16,12(x20)
Memory Write to Addr: 0x1001000C Val: 0x0000000A
[inst #16] lw x17,0(x20)
Register Write to Reg: 0x11 Val: 0x0000000A
[inst #17] beq x17,x1,8
[inst #18] addi x18,x0,111
Register Write to Reg: 0x12 Val: 0x0000006F
[inst #19] lw x19,0(x20)
Register Write to Reg: 0x13 Val: 0x0000000A
[inst #20] add x21,x19,x0
Register Write to Reg: 0x15 Val: 0x0000000A
[inst #21] sw x21,16(x20)
Memory Write to Addr: 0x10010010 Val: 0x0000000A
[inst #22] lw x22,16(x20)
Register Write to Reg: 0x16 Val: 0x0000000A
[inst #23] add x23,x22,x22
Register Write to Reg: 0x17 Val: 0x00000014
[inst #24] addi x24,x0,-1
Register Write to Reg: 0x18 Val: 0xFFFFFFFF
[inst #25] sw x24,20(x20)
Memory Write to Addr: 0x10010014 Val: 0xFFFFFFFF
[inst #26] lb x25,20(x20)
Register Write to Reg: 0x19 Val: 0xFFFFFFFF
[inst #27] add x26,x25,x0
Register Write to Reg: 0x1A Val: 0xFFFFFFFF
[inst #28] lbu x27,20(x20)
Register Write to Reg: 0x1B Val: 0x000000FF
[inst #29] add x28,x27,x0
Register Write to Reg: 0x1C Val: 0x000000FF
[inst #30] lh x29,20(x20)
Register Write to Reg: 0x1D Val: 0xFFFFFFFF
[inst #31] add x30,x29,x0
Register Write to Reg: 0x1E Val: 0xFFFFFFFF
[inst #32] lhu x31,20(x20)
Register Write to Reg: 0x1F Val: 0x0000FFFF
[inst #33] add x5,x31,x0
Register Write to Reg: 0x05 Val: 0x0000FFFF
[inst #34] lw x0,0(x20)
Register Write to Reg: 0x00 Val: 0x0000000A
[inst #35] add x6,x0,x1
Register Write to Reg: 0x06 Val: 0x0000000A
[inst #36] lw x7,4(x20)
Register Write to Reg: 0x07 Val: 0x00000014
[inst #37] add x8,x1,x2
Register Write to Reg: 0x08 Val: 0x0000001E
[inst #38] add x9,x7,x0
Register Write to Reg: 0x09 Val: 0x00000014
[inst #39] wfi 

Program terminated by dropping off the bottom.
