Reading pref.tcl

# 2025.1_2

# vsim -postsimdataflow -debugdb -c -voptargs=""+acc"" tb -do "modelsim_framework.do" -gOUTPUT_TRACE=ms.trace 
# Start time: 04:00:15 on Dec 05,2025
# ** Note: (vsim-8009) Loading existing optimized design _opt
# //  Questa Sim-64
# //  Version 2025.1_2 linux_x86_64 Apr  7 2025
# //
# // Unpublished work. Copyright 2025 Siemens
# //
# // This material contains trade secrets or otherwise confidential information
# // owned by Siemens Industry Software Inc. or its affiliates (collectively,
# // "SISW"), or its licensors. Access to and use of this information is strictly
# // limited as set forth in the Customer's applicable agreements with SISW.
# //
# // This material may not be copied, distributed, or otherwise disclosed outside
# // of the Customer's facilities without the express written permission of SISW,
# // and may not be used in any way not expressly authorized by SISW.
# //
# Loading std.standard
# Loading std.textio(body)
# Loading ieee.std_logic_1164(body)
# Loading ieee.std_logic_textio(body)
# Loading std.env(body)
# Loading work.tb(mixed)#1
# Loading work.riscv_types(body)
# Loading work.riscv_processor(structure)#1
# Loading ieee.numeric_std(body)
# Loading work.mem(rtl)#1
# Loading work.fetch(structure)#1
# Loading work.andg2(dataflow)#1
# Loading work.busmux2to1(dataflow)#1
# Loading work.reg(structure)#1
# Loading work.dffg(mixed)#1
# Loading work.ripple_adder(structure)#1
# Loading work.full_adder(structure)#1
# Loading work.xorg2(dataflow)#1
# Loading work.org2(dataflow)#1
# Loading work.regfile(structure)#1
# Loading work.dec5to32(dataflow)#1
# Loading work.mux32to1(dataflow)#1
# Loading work.alu(structure)#1
# Loading work.bshiftr(structural)#1
# Loading work.andg32(dataflow)#1
# Loading work.xorg32(dataflow)#1
# Loading work.org32(dataflow)#1
# Loading work.norg32(dataflow)#1
# Loading work.addsubi(structure)#1
# Loading work.mux2to1(dataflow)#1
# Loading work.extender(structure)#1
# Loading work.sign(behavioral)#1
# Loading work.control(behavioral)#1
# Loading work.alu_control(behavioral)#1
# Loading work.resizer(structure)#1
# ** Note: (vsim-8716) Reusing existing debug database vsim.dbg.
# do modelsim_framework.do
# ** Warning: NUMERIC_STD.TO_INTEGER: metavalue detected, returning 0
#    Time: 0 ns  Iteration: 0  Instance: /tb/MyRiscv/regfile_i/busmux2
# ** Warning: NUMERIC_STD.TO_INTEGER: metavalue detected, returning 0
#    Time: 0 ns  Iteration: 0  Instance: /tb/MyRiscv/regfile_i/busmux1
# ** Warning: NUMERIC_STD.TO_INTEGER: metavalue detected, returning 0
#    Time: 0 ns  Iteration: 0  Instance: /tb/MyRiscv/DMem
# ** Warning: NUMERIC_STD.TO_INTEGER: metavalue detected, returning 0
#    Time: 0 ns  Iteration: 0  Instance: /tb/MyRiscv/IMem
# ** Note: Data structure takes 55038784 bytes of memory
#          Process time 0.04 seconds
#          stop
#    Time: 120 ns  Iteration: 1  Instance: /tb
# Break in Process P_DUMP_STATE at /home/layneben/Downloads/cpre3810-toolflow/internal/testpy/tb.vhd line 150
# Stopped at /home/layneben/Downloads/cpre3810-toolflow/internal/testpy/tb.vhd line 150
# End time: 04:00:15 on Dec 05,2025, Elapsed time: 0:00:00
# Errors: 0, Warnings: 4
