In clock cycle: 0
Register Write to Reg: 0x02 Val: 0x10011000
In clock cycle: 1
Register Write to Reg: 0x02 Val: 0x10011000
In clock cycle: 2
Register Write to Reg: 0x08 Val: 0x00000000
In clock cycle: 3
Register Write to Reg: 0x01 Val: 0x0040000C
In clock cycle: 4
Register Write to Reg: 0x01 Val: 0x00400018
In clock cycle: 5
Register Write to Reg: 0x00 Val: 0x00400018
In clock cycle: 6
Register Write to Reg: 0x02 Val: 0x10010FD8
In clock cycle: 7
Memory Write to Addr: 0x10010FFC Val: 0x00400018
In clock cycle: 8
Memory Write to Addr: 0x10010FF8 Val: 0x00000000
In clock cycle: 9
Register Write to Reg: 0x08 Val: 0x10010FD8
In clock cycle: 10
Memory Write to Addr: 0x10010FF0 Val: 0x00000000
In clock cycle: 11
Register Write to Reg: 0x00 Val: 0x00400038
In clock cycle: 12
Register Write to Reg: 0x07 Val: 0x00000000
In clock cycle: 13
Register Write to Reg: 0x07 Val: 0x00000001
In clock cycle: 15
Register Write to Reg: 0x00 Val: 0x00400080
In clock cycle: 16
Register Write to Reg: 0x1D Val: 0x00000000
In clock cycle: 17
Register Write to Reg: 0x01 Val: 0x0060003C
In clock cycle: 18
Register Write to Reg: 0x01 Val: 0x00600048
In clock cycle: 19
Register Write to Reg: 0x00 Val: 0x00600048
In clock cycle: 20
Register Write to Reg: 0x02 Val: 0x10010FB8
In clock cycle: 21
Memory Write to Addr: 0x10010FD4 Val: 0x10010FD8
In clock cycle: 22
Register Write to Reg: 0x08 Val: 0x10010FB8
In clock cycle: 23
Memory Write to Addr: 0x10010FD8 Val: 0x00000000
In clock cycle: 24
Register Write to Reg: 0x07 Val: 0x00000001
In clock cycle: 25
Memory Write to Addr: 0x10010FC0 Val: 0x00000001
In clock cycle: 26
Memory Write to Addr: 0x10010FC4 Val: 0x00000000
In clock cycle: 27
Register Write to Reg: 0x00 Val: 0x006003F4
In clock cycle: 28
Register Write to Reg: 0x1C Val: 0x00000000
In clock cycle: 29
Register Write to Reg: 0x07 Val: 0x00000000
In clock cycle: 30
Register Write to Reg: 0x07 Val: 0x00000000
In clock cycle: 32
Register Write to Reg: 0x07 Val: 0x10210420
In clock cycle: 33
Register Write to Reg: 0x07 Val: 0x10210024
In clock cycle: 34
Register Write to Reg: 0x07 Val: 0x00000000
In clock cycle: 35
Memory Write to Addr: 0x10010FC8 Val: 0x00000000
In clock cycle: 36
Register Write to Reg: 0x1C Val: 0x00000000
In clock cycle: 37
Register Write to Reg: 0x07 Val: 0x00000001
In clock cycle: 38
Register Write to Reg: 0x07 Val: 0x00000000
In clock cycle: 39
Register Write to Reg: 0x07 Val: 0x00000000
In clock cycle: 40
Register Write to Reg: 0x07 Val: 0x00000000
In clock cycle: 41
Register Write to Reg: 0x02 Val: 0x10010FB8
In clock cycle: 42
Register Write to Reg: 0x08 Val: 0x10010FD8
In clock cycle: 43
Register Write to Reg: 0x02 Val: 0x10010FD8
In clock cycle: 44
Register Write to Reg: 0x00 Val: 0x00600450
Execution is stopping! Clock Cycle: 45
